[voluntary-lynx-271694.framer.app/index.html]
[backblue.gif]
[fade.gif]
[index.html]
[framerusercontent.com/images/l0xgizvxJQlXThZh3xg8pVJY5c.jpg]
[framerusercontent.com/images/tPdUyRcD88ycm1r7Elm2K2qn8.png]
[framerusercontent.com/images/tPdUyRcD88ycm1r7Elm2K2qn895a5.png]
[framerusercontent.com/images/7G3viLEU9kLvLQaHHqu7fwCs4a400.png]
[framerusercontent.com/images/2fxJ08y6aJ2XxIbll5snbTZMvY2991.png]
[framerusercontent.com/images/KUWM0fbSbiqjgC7uWoeJzOpIMys2991.png]
[framerusercontent.com/images/dsmCLTMuu8AdexOsPkSWOgzgi8a400.png]
[framerusercontent.com/images/QETFb5hxyuf3fIxpgkuDupzJP9w2991.png]
[framerusercontent.com/images/CqLY7sy0QcTQ5TjfiPGSnbGhpw2991.png]
[framerusercontent.com/images/fU52vObhkZmdJMT5aZb6AiyUTI42991.png]
[framerusercontent.com/images/JDUIbRt0k32bTsmiJs84VSUt0Ma400.png]
[framerusercontent.com/images/ESvFnnJsPmqfh7NPBqU0gzgbA7970.png]
[framerusercontent.com/images/JvD61aG2TJioFpEXqNPfhjZ2y882991.png]
[framerusercontent.com/images/cTKWHw7go3MO7zHK4EDkt0TAoQoa400.png]
[framerusercontent.com/images/Gs3C4Jm8wdDSlSHTCDxFpwz4p3wa400.png]
[framerusercontent.com/images/U2f10nKWO7zEYapO8ZSHsG4GMd561.png]
[framerusercontent.com/images/8ZfoUZjYWhbrxXk4cweZv8eL4mkd561.png]
[framerusercontent.com/images/3VcnlgGuHutmpzKlPdatxzFtaYd561.png]
[voluntary-lynx-271694.framer.app/index.html]
[framerusercontent.com/images/kZcOiU2iykAr5SLMh5kPaLtHS102991.png]
[voluntary-lynx-271694.framer.app/{_pre__[],_integer__[{_type___integer_,_value__4,_key___integer_1_,_pos__1},{_type___integer_,_value__5,_key___integer_0_,_pos__0}],_fracti]
[voluntary-lynx-271694.framer.app/{_pre__[],_integer__[{_type___integer_,_value__4,_key___integer_1_,_pos__1},{_type___integer_,_value__5,_key___integer_0_,_pos__0}],_fracti]
